// Jest Snapshot v1, https://goo.gl/fbAQLP

exports[`Aces.vue matches snapshot 1`] = `
<div data-test="ace" class="aces">
  <div data-test="ace-c" class="ace">
    <!---->
    <card-stub value="A" suit="c" order="0" position=""></card-stub>
  </div>
  <div data-test="ace-h" class="ace">
    <!---->
    <card-stub value="A" suit="h" order="0" position=""></card-stub>
  </div>
  <div data-test="ace-d" class="ace">
    <!---->
    <card-stub value="A" suit="d" order="0" position=""></card-stub>
  </div>
  <div data-test="ace-s" class="ace">
    <!---->
    <card-stub value="A" suit="s" order="0" position=""></card-stub>
  </div>
</div>
`;
