// Jest Snapshot v1, https://goo.gl/fbAQLP

exports[`Card.vue matches hidden snapshot 1`] = `
<div draggable="true" data-card-suit="c" data-test="card-Ac" class="card card--is-draggable">
  <touchevents-stub>
    <svgicon-stub name="AC" data-test="card-visible"></svgicon-stub>
  </touchevents-stub>
  <!---->
</div>
`;

exports[`Card.vue matches visible snapshot 1`] = `
<div draggable="true" data-card-suit="c" data-test="card-Ac" class="card card--is-draggable">
  <touchevents-stub>
    <svgicon-stub name="AC" data-test="card-visible"></svgicon-stub>
  </touchevents-stub>
  <!---->
</div>
`;
