// Jest Snapshot v1, https://goo.gl/fbAQLP

exports[`Foundation.vue matches snapshot 1`] = `
<div class="foundation">
  <div data-test="foundation-0" class="foundation__column">
    <card-stub id="0" value="A" suit="c" order="0" visible="true"></card-stub>
    <card-stub id="0" value="A" suit="c" order="0" visible="true"></card-stub>
    <card-stub id="0" value="A" suit="c" order="0" visible="true"></card-stub>
    <card-stub id="0" value="A" suit="c" order="0" visible="true"></card-stub>
    <svgicon-stub name="Card_back_17" class="foundation__placeholder"></svgicon-stub>
  </div>
</div>
`;
