// Jest Snapshot v1, https://goo.gl/fbAQLP

exports[`Controls.vue matches snapshot 1`] = `
<div class="controls">
  <newgamebutton-stub showconfirmation="true" isstacked="true"></newgamebutton-stub>
  <pausegamebutton-stub isstacked="true"></pausegamebutton-stub>
  <historybutton-stub isstacked="true"></historybutton-stub>
  <showrulesbutton-stub isstacked="true"></showrulesbutton-stub>
</div>
`;
