// Jest Snapshot v1, https://goo.gl/fbAQLP

exports[`Controls.vue matches snapshot 1`] = `
<div class="controls">
  <div class="controls__actions">
    <newgamebutton-stub></newgamebutton-stub>
    <pausegamebutton-stub></pausegamebutton-stub>
    <historybutton-stub></historybutton-stub>
    <viewstatsbutton-stub></viewstatsbutton-stub>
    <leaderboardsbutton-stub></leaderboardsbutton-stub>
  </div>
  <div>
    <showrulesbutton-stub></showrulesbutton-stub>
    <portfoliobutton-stub></portfoliobutton-stub>
    <!---->
  </div>
</div>
`;
