// Jest Snapshot v1, https://goo.gl/fbAQLP

exports[`DraggedCards.vue matches visible snapshot 1`] = `
<div data-test="dragged-cards-container" class="dragged-cards" style="top: 0px; left: -50px;">
  <div data-test="dragged-cards" style="width: 100px;">
    <card-stub id="dragged-0" value="A" suit="♠" visible="true"></card-stub>
    <card-stub id="dragged-1" value="A" suit="♦" visible="true"></card-stub>
  </div>
</div>
`;
