// Jest Snapshot v1, https://goo.gl/fbAQLP

exports[`Footer.vue matches snapshot 1`] = `
<footer class="footer">
  <globalstats-stub class="footer__stats"></globalstats-stub>
  <div class="footer__links"><a href="https://timmansell.com" class="footer__link">
      timmansell.com
    </a> <a href="https://github.com/TimMansell/vue-solitaire" class="footer__link">
      GitHub
    </a> <span>v1.3.0</span></div>
</footer>
`;
