// Jest Snapshot v1, https://goo.gl/fbAQLP

exports[`GameOverlay.vue matches snapshot 1`] = `
<div data-test="game-overlay" class="game-overlay">
  <div title="Close Overlay" class="game-overlay__close">
    <button-stub type="icon" size="lg" data-test="game-overlay-close-btn">
      ✖
    </button-stub>
  </div>
  <div class="game-overlay__container">
    <div class="game-overlay__content">
      <logo-stub class="game-overlay__logo"></logo-stub>
      <h1 class="game-overlay__title">Title</h1>
      <div class="game-overlay__msg">Lorem ipsum dolor, sit amet consectetur adipisicing elit.</div>
      <div data-test="game-overlay-btns" class="game-overlay__btns">Buttons</div>
    </div>
  </div>
</div>
`;
