// Jest Snapshot v1, https://goo.gl/fbAQLP

exports[`GameWon.vue matches snapshot 1`] = `
<gameoverlay-stub centercontent="true" showlogo="true" data-test="game-won">
  Congratulations, you win!
  <gamesummary-stub></gamesummary-stub>
  <newgamebutton-stub iscompleted="true"></newgamebutton-stub>
</gameoverlay-stub>
`;
