// Jest Snapshot v1, https://goo.gl/fbAQLP

exports[`GameHistory.vue matches snapshot 1`] = `
<div data-test="game-history">
  <p data-test="game-history-total-games" data-games="4">
    You have played a total of 4 games
  </p>
  <div>
    <filters-stub>
      <div data-test="game-history-pages">
        Page: 1 / 1
      </div>
      <select-stub label="Games" value="25" items="[object Object],[object Object],[object Object],[object Object]"></select-stub>
    </filters-stub>
  </div>
  <p data-test="game-history-showing-games">
    Showing games 4 to
    1
  </p>
  <responsivetable-stub headings="Game,Date,Time,Outcome,Moves,Duration" items="[object Object],[object Object],[object Object],[object Object]" spacing="true" placeholderrows="4" tohighlight="[object Object]"></responsivetable-stub>
  <pagination-stub pages="1" starton="1"></pagination-stub>
</div>
`;
