// Jest Snapshot v1, https://goo.gl/fbAQLP

exports[`Leaderboards.vue matches snapshot 1`] = `
<div data-test="leaderboard">
  <p data-test="leaderboard-name">
    Your player name is: Player Name
  </p>
  <div>
    <filters-stub>
      <select-stub label="Best" value="moves" items="[object Object],[object Object],[object Object],[object Object]" data-test="leaderboard-set-best"></select-stub>
      <select-stub label="Top" value="25" items="[object Object],[object Object],[object Object],[object Object]" data-test="leaderboard-set-top"></select-stub>
    </filters-stub>
  </div>
  <h2 data-test="leaderboards-heading">
    Top 25 Lowest Moves
  </h2>
  <responsivetable-stub headings=",Player,Date,Moves" items="[object Object],[object Object]" placeholderrows="25" tohighlight="[object Object]"></responsivetable-stub>
  <!---->
</div>
`;
