// Jest Snapshot v1, https://goo.gl/fbAQLP

exports[`NewGameOverlay.vue matches snapshot 1`] = `
<gameoverlay-stub alt="true" centercontent="true" showlogo="true" data-test="game-new">
  Are you sure?

  This game will still count towards your statistics
  <newgamebutton-stub></newgamebutton-stub>
  <continuegamebutton-stub></continuegamebutton-stub>
</gameoverlay-stub>
`;
