// Jest Snapshot v1, https://goo.gl/fbAQLP

exports[`NewGameOverlay.vue matches snapshot 1`] = `
<gameoverlay-stub alt="true" centercontent="true" showlogo="true" data-test="game-new"> Are you sure?
  This game will still count towards your statistics
  <button-stub data-test="new-game-overlay-new-btn">
    New Game
  </button-stub>
  <button-stub data-test="new-game-overlay-continue-btn">
    Continue Game
  </button-stub>
</gameoverlay-stub>
`;
