// Jest Snapshot v1, https://goo.gl/fbAQLP

exports[`Pagination.vue matches snapshot - 1 page 1`] = `<paginate-stub pagecount="1" forcepage="1" clickhandler="[Function]" pagerange="3" marginpages="0" prevtext="<" nexttext=">" breakviewtext="…" containerclass="pagination" pageclass="pagination__page" prevclass="pagination__page" nextclass="pagination__page" breakviewclass="pagination__page--is-break" activeclass="pagination__page--is-active" disabledclass="pagination__page--is-disabled" firstlastbutton="true" firstbuttontext="First" lastbuttontext="Last" data-test="pagination"></paginate-stub>`;

exports[`Pagination.vue matches snapshot - multiple pages 1`] = `<paginate-stub pagecount="100" forcepage="10" clickhandler="[Function]" pagerange="3" marginpages="0" prevtext="<" nexttext=">" breakviewtext="…" containerclass="pagination" pageclass="pagination__page" prevclass="pagination__page" nextclass="pagination__page" breakviewclass="pagination__page--is-break" activeclass="pagination__page--is-active" disabledclass="pagination__page--is-disabled" firstlastbutton="true" firstbuttontext="First" lastbuttontext="Last" data-test="pagination"></paginate-stub>`;
