// Jest Snapshot v1, https://goo.gl/fbAQLP

exports[`PauseGameButton.vue matches pause snapshot 1`] = `
<button-stub type="default" size="md" data-test="pause-game-btn"><span>Pause</span>
  <!---->
</button-stub>
`;

exports[`PauseGameButton.vue matches resume snapshot 1`] = `
<button-stub type="default" size="md" data-test="pause-game-btn">
  <!----> <span>Resume</span>
</button-stub>
`;
