// Jest Snapshot v1, https://goo.gl/fbAQLP

exports[`Select.vue matches snapshot - number 1`] = `
<div class="select"><label for="Label-1" class="select__label">Label 1:</label> <select id="Label-1" data-test="select" class="select__dropdown">
    <option value="">

    </option>
    <option value="">

    </option>
    <option value="">

    </option>
  </select></div>
`;

exports[`Select.vue matches snapshot - string 1`] = `
<div class="select"><label for="Label-1" class="select__label">Label 1:</label> <select id="Label-1" data-test="select" class="select__dropdown">
    <option value="">

    </option>
    <option value="">

    </option>
    <option value="">

    </option>
  </select></div>
`;
