// Jest Snapshot v1, https://goo.gl/fbAQLP

exports[`ShowRulesButton.vue matches snapshot 1`] = `
<button-stub type="default" isstacked="true" checkdisabled="true" size="md" topage="rules" data-test="game-rules-btn" title="How to Play">
  <fontawesomeicon-stub icon="[object Object]"></fontawesomeicon-stub>
</button-stub>
`;
