// Jest Snapshot v1, https://goo.gl/fbAQLP

exports[`Stats.vue matches snapshot 1`] = `
<div>
  <table-stub headings="Played,Won,Lost,Gave Up" items="[object Object]" spacing="true" placeholderrows="2" data-test="user-stats"></table-stub>
  <h1>Global Stats</h1>
  <table-stub headings="Played,Won,Lost,Gave Up" items="[object Object]" placeholderrows="2" data-test="global-stats"></table-stub>
</div>
`;
