// Jest Snapshot v1, https://goo.gl/fbAQLP

exports[`StatsOverlay.vue matches snapshot 1`] = `
<gameoverlay-stub centercontent="true" btnclose="[Function]" data-test="stats-overlay">
  Your Stats
  <table-stub headings="Played,Won,Lost,Gave Up" items="9,2,4,3,,22.22%,44.44%,33.33%" placeholderrows="2" data-test="user-stats"></table-stub>
  <h1>Global Stats</h1>
  <table-stub headings="Played,Won,Lost,Gave Up" items="9,2,4,3,,22.22%,44.44%,33.33%" placeholderrows="2" data-test="global-stats"></table-stub>
</gameoverlay-stub>
`;
