// Jest Snapshot v1, https://goo.gl/fbAQLP

exports[`StatsOverlay.vue matches snapshot 1`] = `
<gameoverlay-stub alt="true" centercontent="true" showlogo="true" data-test="stats-overlay"> Stats <p>Showing stats for completed games:</p>
  <div>Played: <counter-stub number="9"></counter-stub>
  </div>
  <div>Won: <counter-stub number="2"></counter-stub> (22.22%)</div>
  <div>Lost: <counter-stub number="4"></counter-stub> (44.44%)</div>
  <div>Gave up: <counter-stub number="3"></counter-stub> (33.33%)</div>
  <button-stub data-test="close-stats-btn">Close</button-stub>
</gameoverlay-stub>
`;
