// Jest Snapshot v1, https://goo.gl/fbAQLP

exports[`Toast.vue matches snapshot 1`] = `
<div class="toast">
  <div class="toast__wrapper">
    <div class="toast__content">
      <h2 data-test="toast-header" class="toast__header">
        test title
      </h2>
      <div class="toast__msg">
        <div>
          line 1
        </div>
        <div>
          line 2
        </div>
        <div>
          line 3
        </div>
      </div>
    </div>
    <button-stub alt="true">
      btn text
    </button-stub>
  </div>
</div>
`;
