// Jest Snapshot v1, https://goo.gl/fbAQLP

exports[`UserStatsOverlay.vue matches snapshot 1`] = `
<gameoverlay-stub alt="true" data-test="user-stats-overlay"> Stats <div>Played: 2 (1 in progress)</div>
  <div>Won: 1 (50.00%)</div>
  <div>Lost: 1 (50.00%)</div>
  <div>Gave up: 0 (0.00%)</div>
  <button-stub>Close</button-stub>
</gameoverlay-stub>
`;
