// Jest Snapshot v1, https://goo.gl/fbAQLP

exports[`UserStats.vue matches snapshot 1`] = `
<div>
  Games: <counter-stub number="1" data-test="stats"></counter-stub> (<button-stub link="true" data-test="view-stats-btn">
    view stats </button-stub>)
  <userstatsoverlay-stub data-test="user-stats"></userstatsoverlay-stub>
</div>
`;
